<?xml version="1.0" encoding="utf-8"?><testsuite errors="0" failures="0" name="pytest" skips="0" tests="0" time="3.558"><testcase time="0.000231027603149"></testcase></testsuite>